{
  "productId": {
    "id": "35455"
  },
  "brandId": {
    "id": "1"
  },
  "priceListId": {
    "id": "1"
  },
  "startDate": "2020-06-14T00:00",
  "endDate": "2020-12-31T23:59:59",
  "price": {
    "amount": 35.50,
    "currency": "EUR"
  }
}