{
  "code": "NOT_FOUND",
  "message": "no price found for input params"
}